// Vitest Snapshot v1, https://vitest.dev/guide/snapshot.html

exports[`statsToString() > case 1 1`] = `"[STATS] timeToFirstToken: 15.10s, timeToFinish: 44.09s, tokensPerSecond: 148.64 tokens/s"`;

exports[`usageToString() > case 1 1`] = `"[USAGE] inputTokens: 321, cachedInputTokens: 123, uncachedInputTokens: 198, outputTokens: 3245, reasoningTokens: 2345, totalTokens: 7000"`;
